sudo minicom -D /dev/ttyACM0

sudo minicom -D /dev/ttyAMA0

ls /dev/ > dev_list_1.txt
Then run this after you plug it

ls /dev/ | diff --suppress-common-lines -y - dev_list_1.txt

tegwyn@raspberrypi:~ $ ls /dev/ | diff --suppress-common-lines -y - dev_list_1.txt
cdc-wdm0						      <
cdc-wdm1						      <
serial							      <
ttyUSB0							      <
ttyUSB1							      <
ttyUSB2							      <
tegwyn@raspberrypi:~ $ 


---> Control-A, then E turns on local echo in minicom 2.00.0
sudo minicom -D -b 4800 -echo /dev/ttyUSB0

tegwyn@raspberrypi:~ $ 

sudo picocom -b 4800 -r -l -echo -c /dev/ttyUSB0

picocom v3.1

port is        : /dev/ttyUSB0
flowcontrol    : none
baudrate is    : 115200
parity is      : none
databits are   : 8
stopbits are   : 1
escape is      : C-a
local echo is  : no
noinit is      : no
noreset is     : yes
hangup is      : no
nolock is      : yes
send_cmd is    : sz -vv
receive_cmd is : rz -vv -E
imap is        : 
omap is        : 
emap is        : crcrlf,delbs,
logfile is     : none
initstring     : none
exit_after is  : not set
exit is        : no

!! Settings mismatch !! Type [C-a] [C-v] to see actual port settings
Type [C-a] [C-h] to see available commands
Terminal ready

sudo picocom -b 4800 -r -l /dev/ttyUSB0


tegwyn@tegwyn:~$ ls /dev/
autofs                  hugepages        media0              nvhost-ctrl-isp    ptyp3       ram7               tty15  tty40  tty9     vcs1
block                   i2c-0            mem                 nvhost-ctrl-isp.1  ptyp4       ram8               tty16  tty41  ttyGS0   vcs2
btrfs-control           i2c-1            memory_bandwidth    nvhost-ctrl-nvdec  ptyp5       ram9               tty17  tty42  ttyp0    vcs3
bus                     i2c-2            min_online_cpus     nvhost-ctrl-vi     ptyp6       random             tty18  tty43  ttyp1    vcs4
char                    i2c-3            mmcblk0             nvhost-ctxsw-gpu   ptyp7       rfkill             tty19  tty44  ttyp2    vcs5
console                 i2c-4            mmcblk0p1           nvhost-dbg-gpu     ptyp8       rtc                tty2   tty45  ttyp3    vcs6
constraint_cpu_freq     i2c-5            mmcblk0p10          nvhost-gpu         ptyp9       rtc0               tty20  tty46  ttyp4    vcs8
constraint_gpu_freq     i2c-6            mmcblk0p11          nvhost-isp         ptypa       rtc1               tty21  tty47  ttyp5    vcsa
constraint_online_cpus  iio:device0      mmcblk0p12          nvhost-isp.1       ptypb       shm                tty22  tty48  ttyp6    vcsa1
cpu_dma_latency         initctl          mmcblk0p2           nvhost-msenc       ptypc       snd                tty23  tty49  ttyp7    vcsa2
cpu_freq_max            input            mmcblk0p3           nvhost-nvdec       ptypd       spidev0.0          tty24  tty5   ttyp8    vcsa3
cpu_freq_min            keychord         mmcblk0p4           nvhost-nvjpg       ptype       stderr             tty25  tty50  ttyp9    vcsa4
cuse                    kmem             mmcblk0p5           nvhost-prof-gpu    ptypf       stdin              tty26  tty51  ttypa    vcsa5
disk                    kmsg             mmcblk0p6           nvhost-sched-gpu   quadd       stdout             tty27  tty52  ttypb    vcsa6
emc_freq_min            log              mmcblk0p7           nvhost-tsec        quadd_auth  tegra_camera_ctrl  tty28  tty53  ttypc    vcsa8
fb0                     loop0            mmcblk0p8           nvhost-tsecb       ram0        tegra-crypto       tty29  tty54  ttypd    vfio
fb1                     loop1            mmcblk0p9           nvhost-tsg-gpu     ram1        tegra_dc_0         tty3   tty55  ttype    vhci
fd                      loop2            mqueue              nvhost-vi          ram10       tegra_dc_1         tty30  tty56  ttypf    zero
full                    loop3            mtd0                nvhost-vic         ram11       tegra_dc_ctrl      tty31  tty57  ttyS0    zram0
fuse                    loop4            mtd0ro              nvmap              ram12       tegra_mipi_cal     tty32  tty58  ttyS1    zram1
gpiochip0               loop5            mtdblock0           port               ram13       tty                tty33  tty59  ttyS2    zram2
gpiochip1               loop6            net                 ppp                ram14       tty0               tty34  tty6   ttyS3    zram3
gpu_freq_max            loop7            network_latency     psaux              ram15       tty1               tty35  tty60  ttyTHS1
gpu_freq_min            loop-control     network_throughput  ptmx               ram2        tty10              tty36  tty61  ttyTHS2
hidraw0                 mapper           null                pts                ram3        tty11              tty37  tty62  uhid
hidraw1                 max_cpu_power    nvhost-as-gpu       ptyp0              ram4        tty12              tty38  tty63  uinput
hidraw2                 max_gpu_power    nvhost-ctrl         ptyp1              ram5        tty13              tty39  tty7   urandom
hidraw3                 max_online_cpus  nvhost-ctrl-gpu     ptyp2              ram6        tty14              tty4   tty8   vcs
tegwyn@tegwyn:~$ 

tegwyn@tegwyn:~$ dmesg | egrep --color 'serial|ttyS'
[    0.000000] Kernel command line: tegraid=21.1.2.0.0 ddr_die=4096M@2048M section=512M memtype=0 vpr_resize usb_port_owner_info=0 lane_owner_info=0 emc_max_dvfs=0 touch_id=0@63 video=tegrafb no_console_suspend=1 console=ttyS0,115200n8 debug_uartport=lsport,0 earlyprintk=uart8250-32bit,0x70006000 maxcpus=4 usbcore.old_scheme_first=1 lp0_vec=0x1000@0xff780000 core_edp_mv=1075 core_edp_ma=4000 tegra_fbmem=0x800000@0x92cb7000 is_hdmi_initialised=1  root=/dev/mmcblk0p1 rw rootwait rootfstype=ext4 console=ttyS0,115200n8 console=tty0 fbcon=map:0 net.ifnames=0    root=/dev/mmcblk0p1 rw rootwait rootfstype=ext4 console=ttyS0,115200n8 console=tty0 fbcon=map:0 net.ifnames=0 quiet
[    0.438289] iommu: Adding device 70006000.serial to group 3
[    0.438378] platform 70006000.serial: domain=ffffffc0f94b56d8 allocates as[0]=ffffffc0f943c178
[    0.438805] iommu: Adding device 70006040.serial to group 4
[    0.439066] iommu: Adding device 70006200.serial to group 5
[    1.058534] No Device Node present for smmu client: serial8250 !!
[    1.058551] platform serial8250: No iommus property found in DT node, got swgids from fixup(101004000)
[    1.058613] iommu: Adding device serial8250 to group 35
[    1.062173] console [ttyS0] disabled
[    1.062245] 70006000.serial: ttyS0 at MMIO 0x70006000 (irq = 63, base_baud = 25500000) is a Tegra
[    1.062342] console [ttyS0] enabled
[    1.063315] 70006040.serial: ttyTHS1 at MMIO 0x70006040 (irq = 64, base_baud = 0) is a TEGRA_UART
[    1.063605] serial-tegra 70006200.serial: RX in PIO mode
[    1.063692] 70006200.serial: ttyTHS2 at MMIO 0x70006200 (irq = 65, base_baud = 0) is a TEGRA_UART
[    1.109793] usbcore: registered new interface driver usbserial
[    2.401551] systemd[1]: Created slice system-serial\x2dgetty.slice.
tegwyn@tegwyn:~$ 

tegwyn@tegwyn:~$ lsusb
Bus 002 Device 005: ID 1199:9071 Sierra Wireless, Inc. 
Bus 002 Device 002: ID 0bda:0411 Realtek Semiconductor Corp. 
Bus 002 Device 001: ID 1d6b:0003 Linux Foundation 3.0 root hub
Bus 001 Device 004: ID 046d:c52f Logitech, Inc. Unifying Receiver
Bus 001 Device 003: ID 0461:0010 Primax Electronics, Ltd HP PR1101U / Primax PMX-KPR1101U Keyboard
Bus 001 Device 002: ID 0bda:5411 Realtek Semiconductor Corp. 
Bus 001 Device 001: ID 1d6b:0002 Linux Foundation 2.0 root hub
tegwyn@tegwyn:~$ 

sudo apt-get install modem-manager-gui

Manual Flashing Procedure (Ubuntu Linux 18.04)
Install libqmi-utils version 1.20+
sudo add-apt-repository universe
sudo apt update
apt-get install libqmi-glib5 libqmi-proxy libqmi-utils -y

Get the latest firmware bundle from Sierra Wireless:
curl -o SWI9X30C_02.30.01.01_Generic_002.045_000.zip -L https://source.sierrawireless.com/~/media/support_downloads/airprime/74xx/fw/02_30_01_01/7455/swi9x30c_02.30.01.01_generic_002.045_000.ashx

Extract firmware CWE and NVU. unzip SWI9X30C_02.30.01.01_Generic_002.045_000.zip
Stop Modem Manager:
systemctl stop ModemManager

cd /home/tegwyn/Downloads/SWI9X30C_02.33.03.00_Generic_002.072_000/

deviceid=`lsusb | grep -i -E '1199:9071|1199:9079|413C:81B6' | awk '{print $6}'`
deviceid='1199:9071'


cd /home/tegwyn/SWI9X30C_02.30.01.01_Generic_002.045_000
qmi-firmware-update --update -d "$deviceid" SWI9X30C_02.30.01.01.cwe SWI9X30C_02.30.01.01_GENERIC_002.045_000.nvu

# qmi-firmware-update --update -d "$deviceid" SWI9X30C_02.33.03.00.cwe SWI9X30C_02.33.03.00_GENERIC_002.072_000.nvu

error: No cdc-wdm device found to run update operation




https://raw.githubusercontent.com/danielewood/sierra-wireless-modems/master/autoflash-7455.sh

Setting MBIM Mode for Modem
Interface bitmask: 0000100D (diag,nmea,modem,mbim)
---
Running Modem Mode Switch to usbcomp=8
Option device requires an argument
Usage: ./swi_setusbcomp.pl [options]  

Where [options] are
  --device=<dev>        use <dev> for MBIM or QMI commands (default: '/dev/cdc-wdm0')
  --usbcomp=<num>	change USB composition setting
  --reset		issue a QMI reset request
  --usbreset		USB device reset - might be necessary for MC74xx
  --qdl                 reboot modem into bootloader QDL mode
  --debug		enable verbose debug output
  --help		this help text

  The current setting and supported modes will always be displayed


Flashing the modem to create a serial port:

tegwyn@tegwyn:~/Downloads/SWI9X30C_02.33.03.00_Generic_002.072_000$ lsusb | grep -i -E '1199:9071|1199:9079|413C:81B6' | awk '{print $6}'
1199:9071

deviceid=1199:9071

cd /home/tegwyn/Downloads/SWI9X30C_02.33.03.00_Generic_002.072_000

tegwyn@tegwyn:~/Downloads/SWI9X30C_02.33.03.00_Generic_002.072_000$ deviceid=1199:9071
tegwyn@tegwyn:~/Downloads/SWI9X30C_02.33.03.00_Generic_002.072_000$ qmi-firmware-update --update -d "$deviceid" SWI9X30C_02.33.03.00.cwe SWI9X30C_02.33.03.00_GENERIC_002.072_000.nvu
error: No cdc-wdm device found to run update operation
tegwyn@tegwyn:~/Downloads/SWI9X30C_02.33.03.00_Generic_002.072_000$ cd

tegwyn@tegwyn:~$ curl -o SWI9X30C_02.30.01.01_Generic_002.045_000.zip -L https://source.sierrawireless.com/~/media/support_downloads/airprime/74xx/fw/02_30_01_01/7455/swi9x30c_02.30.01.01_generic_002.045_000.ashx
  % Total    % Received % Xferd  Average Speed   Time    Time     Time  Current
                                 Dload  Upload   Total   Spent    Left  Speed
100 60.8M  100 60.8M    0     0   251k      0  0:04:07  0:04:07 --:--:--  215k             
tegwyn@tegwyn:~$ qmi-firmware-update --update -d "$deviceid" SWI9X30C_02.30.01.01.cwe SWI9X30C_02.30.01.01_GENERIC_002.045_000.nvu
error: unknown firmware image file
tegwyn@tegwyn:~$ '/home/tegwyn/SWI9X30C_02.30.01.01_Generic_002.045_000' cd /home/tegwyn/SWI9X30C_02.30.01.01_Generic_002.045_000
bash: /home/tegwyn/SWI9X30C_02.30.01.01_Generic_002.045_000: Is a directory
tegwyn@tegwyn:~$ cd cd /home/tegwyn/SWI9X30C_02.30.01.01_Generic_002.045_000
bash: cd: too many arguments
tegwyn@tegwyn:~$ cd /home/tegwyn/SWI9X30C_02.30.01.01_Generic_002.045_000
tegwyn@tegwyn:~/SWI9X30C_02.30.01.01_Generic_002.045_000$ qmi-firmware-update --update -d "$deviceid" SWI9X30C_02.30.01.01.cwe SWI9X30C_02.30.01.01_GENERIC_002.045_000.nvu
error: No cdc-wdm device found to run update operation
tegwyn@tegwyn:~/SWI9X30C_02.30.01.01_Generic_002.045_000$ qmi-firmware-update --update -d "$deviceid" SWI9X30C_02.30.01.01.cwe SWI9X30C_02.30.01.01_GENERIC_002.045_000.nvu
error: No cdc-wdm device found to run update operation
tegwyn@tegwyn:~/SWI9X30C_02.30.01.01_Generic_002.045_000$ qmi-firmware-update --update -d "$deviceid" SWI9X30C_02.30.01.01.cwe SWI9X30C_02.30.01.01_GENERIC_002.045_000.nvu
error: No cdc-wdm device found to run update operation
tegwyn@tegwyn:~/SWI9X30C_02.30.01.01_Generic_002.045_000$ qmi-firmware-update --update -d "$deviceid" SWI9X30C_02.30.01.01.cwe SWI9X30C_02.30.01.01_GENERIC_002.045_000.nvu
error: No cdc-wdm device found to run update operation
tegwyn@tegwyn:~/SWI9X30C_02.30.01.01_Generic_002.045_000$ '/home/tegwyn/Desktop/autoflash-7455.sh' 
bash: /home/tegwyn/Desktop/autoflash-7455.sh: Permission denied

tegwyn@tegwyn:~/SWI9X30C_02.30.01.01_Generic_002.045_000$ cd /home/tegwyn/Desktop/
tegwyn@tegwyn:~/Desktop$ wget https://raw.githubusercontent.com/danielewood/sierra-wireless-modems/master/autoflash-7455.sh && sudo bash autoflash-7455.sh
--2020-02-28 18:53:15--  https://raw.githubusercontent.com/danielewood/sierra-wireless-modems/master/autoflash-7455.sh
Resolving raw.githubusercontent.com (raw.githubusercontent.com)... 151.101.16.133
Connecting to raw.githubusercontent.com (raw.githubusercontent.com)|151.101.16.133|:443... connected.
HTTP request sent, awaiting response... 200 OK
Length: 15714 (15K) [text/plain]
Saving to: ‘autoflash-7455.sh.1’

autoflash-7455.sh.1                  100%[===================================================================>]  15.35K  --.-KB/s    in 0.06s   

2020-02-28 18:53:15 (255 KB/s) - ‘autoflash-7455.sh.1’ saved [15714/15714]

[sudo] password for tegwyn: 
---
Searching for EM7455/MC7455 USB modems...
---
Found EM7455/MC7455: 
    Bus 002 Device 006: ID 1199:9071 Sierra Wireless, Inc. 
    
---
Stoping modem manager to prevent AT command spam and allow firmware-update, this may take a minute...
Removed /etc/systemd/system/dbus-org.freedesktop.ModemManager1.service.
Removed /etc/systemd/system/multi-user.target.wants/ModemManager.service.
---
Installing all needed prerequisites...
Get:1 file:/var/cuda-repo-10-0-local-10.0.326  InRelease
Ign:1 file:/var/cuda-repo-10-0-local-10.0.326  InRelease
Get:2 file:/var/visionworks-repo  InRelease
Ign:2 file:/var/visionworks-repo  InRelease
Get:3 file:/var/visionworks-sfm-repo  InRelease
Ign:3 file:/var/visionworks-sfm-repo  InRelease
Get:4 file:/var/visionworks-tracking-repo  InRelease
Ign:4 file:/var/visionworks-tracking-repo  InRelease
Get:5 file:/var/cuda-repo-10-0-local-10.0.326  Release [574 B]
Get:6 file:/var/visionworks-repo  Release [1,999 B]
Get:7 file:/var/visionworks-sfm-repo  Release [2,003 B]       
Get:5 file:/var/cuda-repo-10-0-local-10.0.326  Release [574 B]
Get:8 file:/var/visionworks-tracking-repo  Release [2,008 B]
Get:6 file:/var/visionworks-repo  Release [1,999 B]
Get:7 file:/var/visionworks-sfm-repo  Release [2,003 B]       
Get:8 file:/var/visionworks-tracking-repo  Release [2,008 B]
Hit:9 http://ports.ubuntu.com/ubuntu-ports bionic InRelease 
Hit:10 http://international.download.nvidia.com/jetson/repos/common r32 InRelease
Hit:11 http://ports.ubuntu.com/ubuntu-ports bionic-updates InRelease
Hit:12 http://international.download.nvidia.com/jetson/repos/t210 r32 InRelease
Hit:13 http://ports.ubuntu.com/ubuntu-ports bionic-backports InRelease
Hit:14 http://ports.ubuntu.com/ubuntu-ports bionic-security InRelease
Reading package lists... Done 
Building dependency tree       
Reading state information... Done
3 packages can be upgraded. Run 'apt list --upgradable' to see them.
Reading package lists... Done
Building dependency tree       
Reading state information... Done
make is already the newest version (4.1-9.1ubuntu1).
minicom is already the newest version (2.7.1-1).
curl is already the newest version (7.58.0-2ubuntu3.8).
gcc is already the newest version (4:7.4.0-1ubuntu2.3).
libqmi-glib5 is already the newest version (1.22.0-1.2~ubuntu18.04.1).
libqmi-proxy is already the newest version (1.22.0-1.2~ubuntu18.04.1).
libqmi-utils is already the newest version (1.22.0-1.2~ubuntu18.04.1).
The following packages were automatically installed and are no longer required:
  apt-clone archdetect-deb bogl-bterm busybox-static cryptsetup-bin dpkg-repack gir1.2-geocodeglib-1.0 gir1.2-timezonemap-1.0 gir1.2-xkl-1.0
  grub-common kde-window-manager kinit kio kpackagetool5 kwayland-data kwin-common kwin-data kwin-x11 libdebian-installer4 libkdecorations2-5v5
  libkdecorations2private5v5 libkf5activities5 libkf5attica5 libkf5completion-data libkf5completion5 libkf5declarative-data libkf5declarative5
  libkf5doctools5 libkf5globalaccel-data libkf5globalaccel5 libkf5globalaccelprivate5 libkf5idletime5 libkf5jobwidgets-data libkf5jobwidgets5
  libkf5kcmutils-data libkf5kcmutils5 libkf5kiocore5 libkf5kiontlm5 libkf5kiowidgets5 libkf5newstuff-data libkf5newstuff5 libkf5newstuffcore5
  libkf5package-data libkf5package5 libkf5plasma5 libkf5quickaddons5 libkf5solid5 libkf5solid5-data libkf5sonnet5-data libkf5sonnetcore5
  libkf5sonnetui5 libkf5textwidgets-data libkf5textwidgets5 libkf5waylandclient5 libkf5waylandserver5 libkf5xmlgui-bin libkf5xmlgui-data
  libkf5xmlgui5 libkscreenlocker5 libkwin4-effect-builtins1 libkwineffects11 libkwinglutils11 libkwinxrenderutils11 libllvm8 libqgsttools-p1
  libqt5designer5 libqt5help5 libqt5multimedia5 libqt5multimedia5-plugins libqt5multimediaquick-p5 libqt5multimediawidgets5 libqt5opengl5
  libqt5positioning5 libqt5printsupport5 libqt5qml5 libqt5quick5 libqt5quickwidgets5 libqt5sensors5 libqt5sql5 libqt5test5 libqt5webchannel5
  libqt5webkit5 libxcb-composite0 libxcb-cursor0 libxcb-damage0 os-prober python3-dbus.mainloop.pyqt5 python3-icu python3-pam python3-pyqt5
  python3-pyqt5.qtsvg python3-pyqt5.qtwebkit python3-sip qml-module-org-kde-kquickcontrolsaddons qml-module-qtmultimedia qml-module-qtquick2
  rdate tasksel tasksel-data
Use 'sudo apt autoremove' to remove them.
0 upgraded, 0 newly installed, 0 to remove and 3 not upgraded.
Loading internal null logger. Install Log::Log4perl for logging messages

CPAN.pm requires configuration, but most of it can be done automatically.
If you answer 'no' below, you will enter an interactive dialog for each
configuration option instead.

Would you like to configure as much as possible automatically? [yes] Fetching with LWP:
http://www.cpan.org/authors/01mailrc.txt.gz
Reading '/home/tegwyn/.cpan/sources/authors/01mailrc.txt.gz'
............................................................................DONE
Fetching with LWP:
http://www.cpan.org/modules/02packages.details.txt.gz
Reading '/home/tegwyn/.cpan/sources/modules/02packages.details.txt.gz'
  Database was generated on Fri, 28 Feb 2020 17:41:03 GMT
.............
  New CPAN.pm version (v2.27) available.
  [Currently running version is v2.18]
  You might want to try
    install CPAN
    reload cpan
  to both upgrade CPAN.pm and run the new version without leaving
  the current session.


...............................................................DONE
Fetching with LWP:
http://www.cpan.org/modules/03modlist.data.gz
Reading '/home/tegwyn/.cpan/sources/modules/03modlist.data.gz'
DONE
Writing /home/tegwyn/.cpan/Metadata
Running install for module 'UUID::Tiny'
Fetching with LWP:
http://www.cpan.org/authors/id/C/CA/CAUGUSTIN/UUID-Tiny-1.04.tar.gz
Fetching with LWP:
http://www.cpan.org/authors/id/C/CA/CAUGUSTIN/CHECKSUMS
Checksum for /home/tegwyn/.cpan/sources/authors/id/C/CA/CAUGUSTIN/UUID-Tiny-1.04.tar.gz ok
'YAML' not installed, will not store persistent state
Configuring C/CA/CAUGUSTIN/UUID-Tiny-1.04.tar.gz with Makefile.PL
Checking if your kit is complete...
Looks good
Generating a Unix-style Makefile
Writing Makefile for UUID::Tiny
Writing MYMETA.yml and MYMETA.json
  CAUGUSTIN/UUID-Tiny-1.04.tar.gz
  /usr/bin/perl Makefile.PL INSTALLDIRS=site -- OK
Running make for C/CA/CAUGUSTIN/UUID-Tiny-1.04.tar.gz
cp lib/UUID/Tiny.pm blib/lib/UUID/Tiny.pm
Manifying 1 pod document
  CAUGUSTIN/UUID-Tiny-1.04.tar.gz
  /usr/bin/make -- OK
Running make test
PERL_DL_NONLAZY=1 "/usr/bin/perl" "-MExtUtils::Command::MM" "-MTest::Harness" "-e" "undef *Test::Harness::Switches; test_harness(0, 'blib/lib', 'blib/arch')" t/*.t
t/00-load.t ......... 1/1 # Testing UUID::Tiny 1.04, Perl 5.026001, /usr/bin/perl
t/00-load.t ......... ok   
t/01-UUID-std.t ..... ok       
t/02-UUID-legacy.t .. ok    
t/03-UUID-fork.t .... ok   
t/boilerplate.t ..... ok   
t/pod-coverage.t .... skipped: Test::Pod::Coverage 1.08 required for testing POD coverage
t/pod.t ............. skipped: Test::Pod 1.22 required for testing POD
All tests successful.
Files=7, Tests=10084,  9 wallclock secs ( 1.97 usr  0.14 sys +  6.85 cusr  0.43 csys =  9.39 CPU)
Result: PASS
  CAUGUSTIN/UUID-Tiny-1.04.tar.gz
  /usr/bin/make test -- OK
Running make install
Manifying 1 pod document
Installing /usr/local/share/perl/5.26.1/UUID/Tiny.pm
Installing /usr/local/man/man3/UUID::Tiny.3pm
Appending installation info to /usr/local/lib/aarch64-linux-gnu/perl/5.26.1/perllocal.pod
  CAUGUSTIN/UUID-Tiny-1.04.tar.gz
  /usr/bin/make install  -- OK
Running install for module 'IPC::Shareable'
Fetching with LWP:
http://www.cpan.org/authors/id/M/MS/MSOUTH/IPC-Shareable-0.61.tar.gz
Fetching with LWP:
http://www.cpan.org/authors/id/M/MS/MSOUTH/CHECKSUMS
Checksum for /home/tegwyn/.cpan/sources/authors/id/M/MS/MSOUTH/IPC-Shareable-0.61.tar.gz ok
Configuring M/MS/MSOUTH/IPC-Shareable-0.61.tar.gz with Makefile.PL
Checking if your kit is complete...
Looks good
Generating a Unix-style Makefile
Writing Makefile for IPC::Shareable
Writing MYMETA.yml and MYMETA.json
  MSOUTH/IPC-Shareable-0.61.tar.gz
  /usr/bin/perl Makefile.PL INSTALLDIRS=site -- OK
Running make for M/MS/MSOUTH/IPC-Shareable-0.61.tar.gz
cp lib/IPC/Shareable/SharedMem.pm blib/lib/IPC/Shareable/SharedMem.pm
cp lib/IPC/Shareable.pm blib/lib/IPC/Shareable.pm
Manifying 2 pod documents
  MSOUTH/IPC-Shareable-0.61.tar.gz
  /usr/bin/make -- OK
Running make test
PERL_DL_NONLAZY=1 "/usr/bin/perl" "-MExtUtils::Command::MM" "-MTest::Harness" "-e" "undef *Test::Harness::Switches; test_harness(0, 'blib/lib', 'blib/arch')" t/*.t
t/00base.t .... ok     
t/05sv.t ...... ok   
t/10av.t ...... ok     
t/15hv.t ...... ok     
t/20ref.t ..... ok   
t/25ipc.t ..... ok   
t/30lock.t .... ok   
t/35clean.t ... ok     
t/36ipcav.t ... ok   
t/38ipchv.t ... ok   
t/40ipcref.t .. ok     
t/45obj.t ..... ok   
t/50ipcobj.t .. ok   
t/55lsync.t ... ok   
All tests successful.
Files=14, Tests=96,  3 wallclock secs ( 0.13 usr  0.05 sys +  1.09 cusr  0.21 csys =  1.48 CPU)
Result: PASS
  MSOUTH/IPC-Shareable-0.61.tar.gz
  /usr/bin/make test -- OK
Running make install
Manifying 2 pod documents
Installing /usr/local/share/perl/5.26.1/IPC/Shareable.pm
Installing /usr/local/share/perl/5.26.1/IPC/Shareable/SharedMem.pm
Installing /usr/local/man/man3/IPC::Shareable.3pm
Installing /usr/local/man/man3/IPC::Shareable::SharedMem.3pm
Appending installation info to /usr/local/lib/aarch64-linux-gnu/perl/5.26.1/perllocal.pod
  MSOUTH/IPC-Shareable-0.61.tar.gz
  /usr/bin/make install  -- OK
Running install for module 'JSON'
Fetching with LWP:
http://www.cpan.org/authors/id/I/IS/ISHIGAKI/JSON-4.02.tar.gz
Fetching with LWP:
http://www.cpan.org/authors/id/I/IS/ISHIGAKI/CHECKSUMS
Checksum for /home/tegwyn/.cpan/sources/authors/id/I/IS/ISHIGAKI/JSON-4.02.tar.gz ok
Configuring I/IS/ISHIGAKI/JSON-4.02.tar.gz with Makefile.PL
Welcome to JSON (v.4.02)
=============================

 ** BACKWARD INCOMPATIBILITY **

Since version 2.90, stringification (and string comparison) for
JSON::true and JSON::false has not been overloaded. It shouldn't
matter as long as you treat them as boolean values, but a code that
expects they are stringified as "true" or "false" doesn't work as
you have expected any more.

    if (JSON::true eq 'true') {  # now fails

    print "The result is 1 now."; # => The result is 1 now.

And now these boolean values don't inherit JSON::Boolean, either.
When you need to test a value is a JSON boolean value or not, use
JSON::is_bool function, instead of testing the value inherits
a particular boolean class or not.

Checking if your kit is complete...
Looks good
Generating a Unix-style Makefile
Writing Makefile for JSON
Writing MYMETA.yml and MYMETA.json
  ISHIGAKI/JSON-4.02.tar.gz
  /usr/bin/perl Makefile.PL INSTALLDIRS=site -- OK
Running make for I/IS/ISHIGAKI/JSON-4.02.tar.gz
---- Unsatisfied dependencies detected during ----
----         ISHIGAKI/JSON-4.02.tar.gz        ----
    JSON::XS [requires,optional]
cp lib/JSON/backportPP/Boolean.pm blib/lib/JSON/backportPP/Boolean.pm
cp lib/JSON/backportPP.pm blib/lib/JSON/backportPP.pm
cp lib/JSON/backportPP/Compat5005.pm blib/lib/JSON/backportPP/Compat5005.pm
cp lib/JSON.pm blib/lib/JSON.pm
cp lib/JSON/backportPP/Compat5006.pm blib/lib/JSON/backportPP/Compat5006.pm
Manifying 5 pod documents
  ISHIGAKI/JSON-4.02.tar.gz
  /usr/bin/make -- OK
Running make test
PERL_DL_NONLAZY=1 "/usr/bin/perl" "-MExtUtils::Command::MM" "-MTest::Harness" "-e" "undef *Test::Harness::Switches; test_harness(0, 'blib/lib', 'blib/arch')" t/*.t
t/00_backend_version.t ................ # JSON::backportPP 4.02
t/00_backend_version.t ................ ok   
t/00_load.t ........................... ok   
t/00_load_backport_pp.t ............... ok   
t/00_pod.t ............................ skipped: Test::Pod 1.00 required for testing POD
t/01_utf8.t ........................... ok   
t/02_error.t .......................... ok     
t/03_types.t .......................... ok     
t/04_dwiw_encode.t .................... ok   
t/05_dwiw_decode.t .................... ok   
t/06_pc_pretty.t ...................... ok   
t/07_pc_esc.t ......................... ok     
t/08_pc_base.t ........................ ok     
t/09_pc_extra_number.t ................ ok   
t/104_sortby.t ........................ ok   
t/105_esc_slash.t ..................... ok   
t/106_allow_barekey.t ................. ok   
t/107_allow_singlequote.t ............. ok   
t/108_decode.t ........................ ok   
t/109_encode.t ........................ ok   
t/10_pc_keysort.t ..................... ok   
t/110_bignum.t ........................ ok   
t/112_upgrade.t ....................... ok   
t/113_overloaded_eq.t ................. ok   
t/114_decode_prefix.t ................. ok   
t/115_tie_ixhash.t .................... ok   
t/116_incr_parse_fixed.t .............. ok   
t/117_numbers.t ....................... ok   
t/118_boolean_values.t ................ ok     
t/11_pc_expo.t ........................ ok     
t/12_blessed.t ........................ ok     
t/13_limit.t .......................... ok     
t/14_latin1.t ......................... ok   
t/15_prefix.t ......................... ok   
t/16_tied.t ........................... ok   
t/17_relaxed.t ........................ ok   
t/18_json_checker.t ................... ok     
t/19_incr.t ........................... ok       
t/20_faihu.t .......................... ok   
t/20_unknown.t ........................ ok     
t/21_evans.t .......................... ok   
t/22_comment_at_eof.t ................. ok     
t/52_object.t ......................... ok     
t/99_binary.t ......................... ok           
t/e00_func.t .......................... ok   
t/e01_property.t ...................... ok     
t/e02_bool.t .......................... # 1
t/e02_bool.t .......................... ok   
t/e03_bool2.t ......................... ok     
t/e11_conv_blessed_univ.t ............. ok   
t/e90_misc.t .......................... ok   
t/gh_28_json_test_suite.t ............. ok     
t/gh_29_trailing_false_value.t ........ ok   
t/rt_116998_wrong_character_offset.t .. ok   
t/rt_90071_incr_parse.t ............... ok   
t/x00_load.t .......................... ok   
t/x02_error.t ......................... ok     
t/x12_blessed.t ....................... ok     
t/x16_tied.t .......................... ok   
t/x17_strange_overload.t .............. ok   
t/xe04_escape_slash.t ................. ok   
t/xe05_indent_length.t ................ ok   
t/xe12_boolean.t ...................... ok   
t/xe19_xs_and_suportbypp.t ............ ok   
t/xe20_croak_message.t ................ ok   
t/xe21_is_pp.t ........................ ok   
t/zero-mojibake.t ..................... ok   
All tests successful.
Files=65, Tests=25993, 188 wallclock secs ( 5.71 usr  0.56 sys + 184.99 cusr  1.52 csys = 192.78 CPU)
Result: PASS
  ISHIGAKI/JSON-4.02.tar.gz
  /usr/bin/make test -- OK
Running make install
Manifying 5 pod documents
Installing /usr/local/share/perl/5.26.1/JSON.pm
Installing /usr/local/share/perl/5.26.1/JSON/backportPP.pm
Installing /usr/local/share/perl/5.26.1/JSON/backportPP/Boolean.pm
Installing /usr/local/share/perl/5.26.1/JSON/backportPP/Compat5005.pm
Installing /usr/local/share/perl/5.26.1/JSON/backportPP/Compat5006.pm
Installing /usr/local/man/man3/JSON::backportPP::Compat5006.3pm
Installing /usr/local/man/man3/JSON::backportPP::Boolean.3pm
Installing /usr/local/man/man3/JSON::backportPP.3pm
Installing /usr/local/man/man3/JSON::backportPP::Compat5005.3pm
Installing /usr/local/man/man3/JSON.3pm
Appending installation info to /usr/local/lib/aarch64-linux-gnu/perl/5.26.1/perllocal.pod
  ISHIGAKI/JSON-4.02.tar.gz
  /usr/bin/make install  -- OK
Running install for module 'JSON::XS'
Fetching with LWP:
http://www.cpan.org/authors/id/M/ML/MLEHMANN/JSON-XS-4.02.tar.gz
Fetching with LWP:
http://www.cpan.org/authors/id/M/ML/MLEHMANN/CHECKSUMS
Checksum for /home/tegwyn/.cpan/sources/authors/id/M/ML/MLEHMANN/JSON-XS-4.02.tar.gz ok
---- Unsatisfied dependencies detected during ----
----       MLEHMANN/JSON-XS-4.02.tar.gz       ----
    Canary::Stability [build_requires]
Running install for module 'Canary::Stability'
Fetching with LWP:
http://www.cpan.org/authors/id/M/ML/MLEHMANN/Canary-Stability-2013.tar.gz
Checksum for /home/tegwyn/.cpan/sources/authors/id/M/ML/MLEHMANN/Canary-Stability-2013.tar.gz ok
Configuring M/ML/MLEHMANN/Canary-Stability-2013.tar.gz with Makefile.PL
Checking if your kit is complete...
Looks good
Generating a Unix-style Makefile
Writing Makefile for Canary::Stability
Writing MYMETA.yml and MYMETA.json
  MLEHMANN/Canary-Stability-2013.tar.gz
  /usr/bin/perl Makefile.PL INSTALLDIRS=site -- OK
Running make for M/ML/MLEHMANN/Canary-Stability-2013.tar.gz
cp Stability.pm blib/lib/Canary/Stability.pm
Manifying 1 pod document
  MLEHMANN/Canary-Stability-2013.tar.gz
  /usr/bin/make -- OK
Running make test
PERL_DL_NONLAZY=1 "/usr/bin/perl" "-MExtUtils::Command::MM" "-MTest::Harness" "-e" "undef *Test::Harness::Switches; test_harness(0, 'blib/lib', 'blib/arch')" t/*.t
t/00_load.t .. ok   
All tests successful.
Files=1, Tests=1,  0 wallclock secs ( 0.06 usr +  0.00 sys =  0.06 CPU)
Result: PASS
  MLEHMANN/Canary-Stability-2013.tar.gz
  /usr/bin/make test -- OK
Running make install
Manifying 1 pod document
Installing /usr/local/share/perl/5.26.1/Canary/Stability.pm
Installing /usr/local/man/man3/Canary::Stability.3pm
Appending installation info to /usr/local/lib/aarch64-linux-gnu/perl/5.26.1/perllocal.pod
  MLEHMANN/Canary-Stability-2013.tar.gz
  /usr/bin/make install  -- OK
  MLEHMANN/JSON-XS-4.02.tar.gz
  Has already been unwrapped into directory /home/tegwyn/.cpan/build/JSON-XS-4.02-0
Configuring M/ML/MLEHMANN/JSON-XS-4.02.tar.gz with Makefile.PL

***
*** Canary::Stability COMPATIBILITY AND SUPPORT CHECK
*** =================================================
***
*** Hi!
***
*** I do my best to provide predictable and reliable software.
***
*** However, in recent releases, P5P (who maintain perl) have been
*** introducing regressions that are sometimes subtle and at other times
*** catastrophic, often for personal preferences with little or no concern
*** for existing code, most notably CPAN.
***
*** For this reason, it has become very hard for me to maintain the level
*** of reliability and support I have committed myself to in the past, at
*** least with some perl versions: I simply can't keep up working around new
*** bugs or gratituous incompatibilities, and in turn you might suffer from
*** unanticipated problems.
***
*** Therefore I have introduced a support and compatibility check, the results
*** of which follow below, together with a FAQ and some recommendations.
***
*** This check is just to let you know that there might be a risk, so you can
*** make judgement calls on how to proceed - it will not keep the module from
*** installing or working.
***
*** The stability canary says: (nothing, it was driven away by harsh weather)
***
*** It seems you are running perl version 5.026001, likely the "official" or
*** "standard" version. While there is nothing wrong with doing that,
*** standard perl versions 5.022 and up are not supported by JSON::XS.
*** While this might be fatal, it might also be all right - if you run into
*** problems, you might want to downgrade your perl or switch to the
*** stability branch.
***
*** If everything works fine, you can ignore this message.
***
***
*** Stability canary mini-FAQ:
***
*** Do I need to do anything?
***    With luck, no. While some distributions are known to fail
***    already, most should probably work. This message is here
***    to alert you that your perl is not supported by JSON::XS,
***    and if things go wrong, you either need to downgrade, or
***    sidegrade to the stability variant of your perl version,
***    or simply live with the consequences.
***
*** What is this canary thing?
***    It's purpose is to check support status of JSON::XS with
***    respect to your perl version.
***
*** What is this "stability branch"?
***    It's a branch or fork of the official perl, by schmorp, to
***    improve stability and compatibility with existing modules.
***
*** How can I skip this prompt on automated installs?
***    Set PERL_CANARY_STABILITY_NOPROMPT=1 in your environment.
***    More info is in the Canary::Stability manpage.
***
*** Long version of this FAQ: http://stableperl.schmorp.de/faq.html
*** Stability Branch homepage: http://stableperl.schmorp.de/
***

Continue anyways?  [y] y
Checking if your kit is complete...
Looks good
Warning: prerequisite Types::Serialiser 0 not found.
Warning: prerequisite common::sense 0 not found.
Generating a Unix-style Makefile
Writing Makefile for JSON::XS
Writing MYMETA.yml and MYMETA.json
  MLEHMANN/JSON-XS-4.02.tar.gz
  /usr/bin/perl Makefile.PL INSTALLDIRS=site -- OK
Running make for M/ML/MLEHMANN/JSON-XS-4.02.tar.gz
---- Unsatisfied dependencies detected during ----
----       MLEHMANN/JSON-XS-4.02.tar.gz       ----
    Types::Serialiser [requires]
    common::sense [requires]
Running install for module 'Types::Serialiser'
Fetching with LWP:
http://www.cpan.org/authors/id/M/ML/MLEHMANN/Types-Serialiser-1.0.tar.gz
Checksum for /home/tegwyn/.cpan/sources/authors/id/M/ML/MLEHMANN/Types-Serialiser-1.0.tar.gz ok
Configuring M/ML/MLEHMANN/Types-Serialiser-1.0.tar.gz with Makefile.PL
Checking if your kit is complete...
Looks good
Warning: prerequisite common::sense 0 not found.
Generating a Unix-style Makefile
Writing Makefile for Types::Serialiser
Writing MYMETA.yml and MYMETA.json
  MLEHMANN/Types-Serialiser-1.0.tar.gz
  /usr/bin/perl Makefile.PL INSTALLDIRS=site -- OK
Running make for M/ML/MLEHMANN/Types-Serialiser-1.0.tar.gz
---- Unsatisfied dependencies detected during ----
----   MLEHMANN/Types-Serialiser-1.0.tar.gz   ----
    common::sense [requires]
Running install for module 'common::sense'
Fetching with LWP:
http://www.cpan.org/authors/id/M/ML/MLEHMANN/common-sense-3.74.tar.gz
Checksum for /home/tegwyn/.cpan/sources/authors/id/M/ML/MLEHMANN/common-sense-3.74.tar.gz ok
Configuring M/ML/MLEHMANN/common-sense-3.74.tar.gz with Makefile.PL
Checking if your kit is complete...
Looks good
Generating a Unix-style Makefile
Writing Makefile for common::sense
Writing MYMETA.yml and MYMETA.json
  MLEHMANN/common-sense-3.74.tar.gz
  /usr/bin/perl Makefile.PL INSTALLDIRS=site -- OK
Running make for M/ML/MLEHMANN/common-sense-3.74.tar.gz
"/usr/bin/perl" sense.pm.PL sense.pm
cp sense.pm blib/arch/common/sense.pm
cp sense.pod blib/lib/common/sense.pod
Manifying 2 pod documents
  MLEHMANN/common-sense-3.74.tar.gz
  /usr/bin/make -- OK
Running make test
PERL_DL_NONLAZY=1 "/usr/bin/perl" "-MExtUtils::Command::MM" "-MTest::Harness" "-e" "undef *Test::Harness::Switches; test_harness(0, 'blib/lib', 'blib/arch')" t/*.t
t/00_load.t .. ok   
t/01_arch.t .. ok   
All tests successful.
Files=2, Tests=2,  0 wallclock secs ( 0.06 usr +  0.02 sys =  0.08 CPU)
Result: PASS
  MLEHMANN/common-sense-3.74.tar.gz
  /usr/bin/make test -- OK
Running make install
Manifying 2 pod documents
Files found in blib/arch: installing files in blib/lib into architecture dependent library tree
Installing /usr/local/lib/aarch64-linux-gnu/perl/5.26.1/common/sense.pm
Installing /usr/local/lib/aarch64-linux-gnu/perl/5.26.1/common/sense.pod
Installing /usr/local/man/man3/common::sense.3pm
Appending installation info to /usr/local/lib/aarch64-linux-gnu/perl/5.26.1/perllocal.pod
  MLEHMANN/common-sense-3.74.tar.gz
  /usr/bin/make install  -- OK
  MLEHMANN/Types-Serialiser-1.0.tar.gz
  Has already been unwrapped into directory /home/tegwyn/.cpan/build/Types-Serialiser-1.0-0
  MLEHMANN/Types-Serialiser-1.0.tar.gz
  Has already been prepared
Running make for M/ML/MLEHMANN/Types-Serialiser-1.0.tar.gz
cp Serialiser/Error.pm blib/lib/Types/Serialiser/Error.pm
cp Serialiser.pm blib/lib/Types/Serialiser.pm
Manifying 2 pod documents
  MLEHMANN/Types-Serialiser-1.0.tar.gz
  /usr/bin/make -- OK
Running make test
PERL_DL_NONLAZY=1 "/usr/bin/perl" "-MExtUtils::Command::MM" "-MTest::Harness" "-e" "undef *Test::Harness::Switches; test_harness(0, 'blib/lib', 'blib/arch')" t/*.t
t/00_load.t ... ok   
t/51_types.t .. ok     
All tests successful.
Files=2, Tests=21,  0 wallclock secs ( 0.05 usr  0.02 sys +  0.02 cusr  0.00 csys =  0.09 CPU)
Result: PASS
  MLEHMANN/Types-Serialiser-1.0.tar.gz
  /usr/bin/make test -- OK
Running make install
Manifying 2 pod documents
Installing /usr/local/share/perl/5.26.1/Types/Serialiser.pm
Installing /usr/local/share/perl/5.26.1/Types/Serialiser/Error.pm
Installing /usr/local/man/man3/Types::Serialiser::Error.3pm
Installing /usr/local/man/man3/Types::Serialiser.3pm
Appending installation info to /usr/local/lib/aarch64-linux-gnu/perl/5.26.1/perllocal.pod
  MLEHMANN/Types-Serialiser-1.0.tar.gz
  /usr/bin/make install  -- OK
  MLEHMANN/JSON-XS-4.02.tar.gz
  Has already been unwrapped into directory /home/tegwyn/.cpan/build/JSON-XS-4.02-0
  MLEHMANN/JSON-XS-4.02.tar.gz
  Has already been prepared
Running make for M/ML/MLEHMANN/JSON-XS-4.02.tar.gz
cp XS/Boolean.pm blib/lib/JSON/XS/Boolean.pm
cp XS.pm blib/lib/JSON/XS.pm
Running Mkbootstrap for XS ()
chmod 644 "XS.bs"
"/usr/bin/perl" -MExtUtils::Command::MM -e 'cp_nonempty' -- XS.bs blib/arch/auto/JSON/XS/XS.bs 644
"/usr/bin/perl" "/usr/share/perl/5.26/ExtUtils/xsubpp"  -typemap '/usr/share/perl/5.26/ExtUtils/typemap' -typemap '/home/tegwyn/.cpan/build/JSON-XS-4.02-0/typemap'  XS.xs > XS.xsc
mv XS.xsc XS.c
aarch64-linux-gnu-gcc -c   -D_REENTRANT -D_GNU_SOURCE -DDEBIAN -fwrapv -fno-strict-aliasing -pipe -I/usr/local/include -D_LARGEFILE_SOURCE -D_FILE_OFFSET_BITS=64 -O2 -g   -DVERSION=\"4.02\" -DXS_VERSION=\"4.02\" -fPIC "-I/usr/lib/aarch64-linux-gnu/perl/5.26/CORE"   XS.c
In file included from /usr/lib/aarch64-linux-gnu/perl/5.26/CORE/perl.h:28:0,
                 from XS.xs:2:
XS.xs: In function ‘encode_sv’:
/usr/lib/aarch64-linux-gnu/perl/5.26/CORE/config.h:1048:27: warning: ignoring return value of ‘gcvt’, declared with attribute warn_unused_result [-Wunused-result]
 #define Gconvert(x,n,t,b) gcvt((x),(n),(b))
                           ^~~~~~~~~~~~~~~~~
XS.xs:910:7: note: in expansion of macro ‘Gconvert’
       Gconvert (SvNVX (sv), NV_DIG, 0, enc->cur);
       ^~~~~~~~
rm -f blib/arch/auto/JSON/XS/XS.so
aarch64-linux-gnu-gcc  -shared -L/usr/local/lib -fstack-protector-strong XS.o  -o blib/arch/auto/JSON/XS/XS.so  \
      \
  
chmod 755 blib/arch/auto/JSON/XS/XS.so
cp bin/json_xs blib/script/json_xs
"/usr/bin/perl" -MExtUtils::MY -e 'MY->fixin(shift)' -- blib/script/json_xs
Manifying 1 pod document
Manifying 2 pod documents
  MLEHMANN/JSON-XS-4.02.tar.gz
  /usr/bin/make -- OK
Running make test
"/usr/bin/perl" -MExtUtils::Command::MM -e 'cp_nonempty' -- XS.bs blib/arch/auto/JSON/XS/XS.bs 644
PERL_DL_NONLAZY=1 "/usr/bin/perl" "-MExtUtils::Command::MM" "-MTest::Harness" "-e" "undef *Test::Harness::Switches; test_harness(0, 'blib/lib', 'blib/arch')" t/*.t
t/00_load.t ............. ok   
t/01_utf8.t ............. ok   
t/02_error.t ............ ok     
t/03_types.t ............ ok     
t/04_dwiw_encode.t ...... ok   
t/05_dwiw_decode.t ...... ok   
t/06_pc_pretty.t ........ ok   
t/07_pc_esc.t ........... ok     
t/08_pc_base.t .......... ok     
t/09_pc_extra_number.t .. ok   
t/10_pc_keysort.t ....... ok   
t/11_pc_expo.t .......... ok   
t/12_blessed.t .......... ok     
t/13_limit.t ............ ok     
t/14_latin1.t ........... ok   
t/15_prefix.t ........... ok   
t/16_tied.t ............. ok   
t/17_relaxed.t .......... ok   
t/18_json_checker.t ..... ok     
t/19_incr.t ............. ok       
t/20_faihu.t ............ ok   
t/21_evans.t ............ ok   
t/22_comment_at_eof.t ... ok     
t/52_object.t ........... ok     
t/99_binary.t ........... ok           
All tests successful.
Files=25, Tests=25635,  5 wallclock secs ( 3.21 usr  0.06 sys +  4.69 cusr  0.32 csys =  8.28 CPU)
Result: PASS
  MLEHMANN/JSON-XS-4.02.tar.gz
  /usr/bin/make test -- OK
Running make install
"/usr/bin/perl" -MExtUtils::Command::MM -e 'cp_nonempty' -- XS.bs blib/arch/auto/JSON/XS/XS.bs 644
Manifying 1 pod document
Manifying 2 pod documents
Files found in blib/arch: installing files in blib/lib into architecture dependent library tree
Installing /usr/local/lib/aarch64-linux-gnu/perl/5.26.1/auto/JSON/XS/XS.so
Installing /usr/local/lib/aarch64-linux-gnu/perl/5.26.1/JSON/XS.pm
Installing /usr/local/lib/aarch64-linux-gnu/perl/5.26.1/JSON/XS/Boolean.pm
Installing /usr/local/man/man1/json_xs.1p
Installing /usr/local/man/man3/JSON::XS.3pm
Installing /usr/local/man/man3/JSON::XS::Boolean.3pm
Installing /usr/local/bin/json_xs
Appending installation info to /usr/local/lib/aarch64-linux-gnu/perl/5.26.1/perllocal.pod
  MLEHMANN/JSON-XS-4.02.tar.gz
  /usr/bin/make install  -- OK
--2020-02-28 18:58:13--  https://git.mork.no/wwan.git/plain/scripts/swi_setusbcomp.pl
Resolving git.mork.no (git.mork.no)... 213.138.100.138, 2001:41c8:51:8a:feff:ff:fe00:e5
Connecting to git.mork.no (git.mork.no)|213.138.100.138|:443... connected.
HTTP request sent, awaiting response... 200 OK
Length: 22365 (22K) [text/plain]
Saving to: ‘swi_setusbcomp.pl’

swi_setusbcomp.pl                    100%[===================================================================>]  21.84K  --.-KB/s    in 0.08s   

2020-02-28 18:58:14 (280 KB/s) - ‘swi_setusbcomp.pl’ saved [22365/22365]

---
Reseting modem...
Setting MBIM Mode for Modem
Interface bitmask: 0000100D (diag,nmea,modem,mbim)
---
Running Modem Mode Switch to usbcomp=8
Option device requires an argument
Usage: ./swi_setusbcomp.pl [options]  

Where [options] are
  --device=<dev>        use <dev> for MBIM or QMI commands (default: '/dev/cdc-wdm0')
  --usbcomp=<num>	change USB composition setting
  --reset		issue a QMI reset request
  --usbreset		USB device reset - might be necessary for MC74xx
  --qdl                 reboot modem into bootloader QDL mode
  --debug		enable verbose debug output
  --help		this help text

  The current setting and supported modes will always be displayed
  

---
Reseting modem...
Waiting for modem to reboot...
---
Current modem settings:
cat: /dev/: Is a directory
cat: /dev/: Is a directory
Waiting for modem to reboot...
Downloading https://source.sierrawireless.com/~/media/support_downloads/airprime/74xx/fw/7455/SWI9X30C_02.32.11.00_GENERIC_002.064_000.zip
  % Total    % Received % Xferd  Average Speed   Time    Time     Time  Current
                                 Dload  Upload   Total   Spent    Left  Speed
100 60.7M  100 60.7M    0     0   235k      0  0:04:23  0:04:23 --:--:--  262k
Archive:  SWI9X30C_02.32.11.00_GENERIC_002.064_000.zip
  inflating: SWI9X30C_02.32.11.00.cwe  
  inflating: SWI9X30C_02.32.11.00_GENERIC_002.064_000.nvu  
---
Flashing SWI9X30C_02.32.11.00.cwe onto Generic Sierra Modem...
error: No cdc-wdm device found to run update operation
Firmware Update failed, exiting...

REBBOT>

tegwyn@tegwyn:~/Desktop$ sudo bash autoflash-7455.sh
[sudo] password for tegwyn: 
---
Searching for EM7455/MC7455 USB modems...
---
Found EM7455/MC7455: 
    Bus 002 Device 003: ID 1199:9071 Sierra Wireless, Inc. 
    
---
Stoping modem manager to prevent AT command spam and allow firmware-update, this may take a minute...
---
Installing all needed prerequisites...
Get:1 file:/var/cuda-repo-10-0-local-10.0.326  InRelease
Ign:1 file:/var/cuda-repo-10-0-local-10.0.326  InRelease
Get:2 file:/var/visionworks-repo  InRelease
Ign:2 file:/var/visionworks-repo  InRelease
Get:3 file:/var/visionworks-sfm-repo  InRelease
Ign:3 file:/var/visionworks-sfm-repo  InRelease
Get:4 file:/var/visionworks-tracking-repo  InRelease
Ign:4 file:/var/visionworks-tracking-repo  InRelease
Get:5 file:/var/cuda-repo-10-0-local-10.0.326  Release [574 B]
Get:6 file:/var/visionworks-repo  Release [1,999 B]
Get:5 file:/var/cuda-repo-10-0-local-10.0.326  Release [574 B]
Get:7 file:/var/visionworks-sfm-repo  Release [2,003 B]     
Get:6 file:/var/visionworks-repo  Release [1,999 B]
Get:8 file:/var/visionworks-tracking-repo  Release [2,008 B]        
Get:7 file:/var/visionworks-sfm-repo  Release [2,003 B]
Get:8 file:/var/visionworks-tracking-repo  Release [2,008 B]                   
Hit:9 http://ports.ubuntu.com/ubuntu-ports bionic InRelease 
Get:10 http://ports.ubuntu.com/ubuntu-ports bionic-updates InRelease [88.7 kB]
Hit:12 http://international.download.nvidia.com/jetson/repos/common r32 InRelease
Hit:13 http://international.download.nvidia.com/jetson/repos/t210 r32 InRelease
Hit:15 http://ports.ubuntu.com/ubuntu-ports bionic-backports InRelease
Hit:16 http://ports.ubuntu.com/ubuntu-ports bionic-security InRelease
Get:19 http://ports.ubuntu.com/ubuntu-ports bionic-updates/main arm64 Packages [631 kB]
Get:20 http://ports.ubuntu.com/ubuntu-ports bionic-updates/universe arm64 Packages [942 kB]
Fetched 1,661 kB in 7s (254 kB/s)                                              
Reading package lists... Done
Building dependency tree       
Reading state information... Done
3 packages can be upgraded. Run 'apt list --upgradable' to see them.
Reading package lists... Done
Building dependency tree       
Reading state information... Done
make is already the newest version (4.1-9.1ubuntu1).
minicom is already the newest version (2.7.1-1).
curl is already the newest version (7.58.0-2ubuntu3.8).
gcc is already the newest version (4:7.4.0-1ubuntu2.3).
libqmi-glib5 is already the newest version (1.22.0-1.2~ubuntu18.04.1).
libqmi-proxy is already the newest version (1.22.0-1.2~ubuntu18.04.1).
libqmi-utils is already the newest version (1.22.0-1.2~ubuntu18.04.1).
The following packages were automatically installed and are no longer required:
  apt-clone archdetect-deb bogl-bterm busybox-static cryptsetup-bin dpkg-repack gir1.2-geocodeglib-1.0 gir1.2-timezonemap-1.0
  gir1.2-xkl-1.0 grub-common kde-window-manager kinit kio kpackagetool5 kwayland-data kwin-common kwin-data kwin-x11 libdebian-installer4
  libkdecorations2-5v5 libkdecorations2private5v5 libkf5activities5 libkf5attica5 libkf5completion-data libkf5completion5
  libkf5declarative-data libkf5declarative5 libkf5doctools5 libkf5globalaccel-data libkf5globalaccel5 libkf5globalaccelprivate5
  libkf5idletime5 libkf5jobwidgets-data libkf5jobwidgets5 libkf5kcmutils-data libkf5kcmutils5 libkf5kiocore5 libkf5kiontlm5
  libkf5kiowidgets5 libkf5newstuff-data libkf5newstuff5 libkf5newstuffcore5 libkf5package-data libkf5package5 libkf5plasma5
  libkf5quickaddons5 libkf5solid5 libkf5solid5-data libkf5sonnet5-data libkf5sonnetcore5 libkf5sonnetui5 libkf5textwidgets-data
  libkf5textwidgets5 libkf5waylandclient5 libkf5waylandserver5 libkf5xmlgui-bin libkf5xmlgui-data libkf5xmlgui5 libkscreenlocker5
  libkwin4-effect-builtins1 libkwineffects11 libkwinglutils11 libkwinxrenderutils11 libllvm8 libqgsttools-p1 libqt5designer5 libqt5help5
  libqt5multimedia5 libqt5multimedia5-plugins libqt5multimediaquick-p5 libqt5multimediawidgets5 libqt5opengl5 libqt5positioning5
  libqt5printsupport5 libqt5qml5 libqt5quick5 libqt5quickwidgets5 libqt5sensors5 libqt5sql5 libqt5test5 libqt5webchannel5 libqt5webkit5
  libxcb-composite0 libxcb-cursor0 libxcb-damage0 os-prober python3-dbus.mainloop.pyqt5 python3-icu python3-pam python3-pyqt5
  python3-pyqt5.qtsvg python3-pyqt5.qtwebkit python3-sip qml-module-org-kde-kquickcontrolsaddons qml-module-qtmultimedia
  qml-module-qtquick2 rdate tasksel tasksel-data
Use 'sudo apt autoremove' to remove them.
0 upgraded, 0 newly installed, 0 to remove and 3 not upgraded.
Loading internal null logger. Install Log::Log4perl for logging messages
Reading '/home/tegwyn/.cpan/Metadata'
  Database was generated on Fri, 28 Feb 2020 17:41:03 GMT
UUID::Tiny is up to date (1.04).
IPC::Shareable is up to date (0.61).
JSON is up to date (4.02).
---
Reseting modem...
Setting MBIM Mode for Modem
Interface bitmask: 0000100D (diag,nmea,modem,mbim)
---
Running Modem Mode Switch to usbcomp=8
Option device requires an argument
Usage: ./swi_setusbcomp.pl [options]  

Where [options] are
  --device=<dev>        use <dev> for MBIM or QMI commands (default: '/dev/cdc-wdm0')
  --usbcomp=<num>	change USB composition setting
  --reset		issue a QMI reset request
  --usbreset		USB device reset - might be necessary for MC74xx
  --qdl                 reboot modem into bootloader QDL mode
  --debug		enable verbose debug output
  --help		this help text

  The current setting and supported modes will always be displayed
  

---
Reseting modem...
Waiting for modem to reboot...
---
Current modem settings:
cat: /dev/: Is a directory
cat: /dev/: Is a directory
Waiting for modem to reboot...
Already downloaded SWI9X30C_02.32.11.00_GENERIC_002.064_000.zip...
Archive:  SWI9X30C_02.32.11.00_GENERIC_002.064_000.zip
  inflating: SWI9X30C_02.32.11.00.cwe  
  inflating: SWI9X30C_02.32.11.00_GENERIC_002.064_000.nvu  
---
Flashing SWI9X30C_02.32.11.00.cwe onto Generic Sierra Modem...
error: No cdc-wdm device found to run update operation
Firmware Update failed, exiting...
tegwyn@tegwyn:~/Desktop$

tegwyn@tegwyn:~/Desktop$ lsusb -t
/:  Bus 02.Port 1: Dev 1, Class=root_hub, Driver=tegra-xusb/4p, 5000M
    |__ Port 1: Dev 2, If 0, Class=Hub, Driver=hub/4p, 5000M
        |__ Port 3: Dev 3, If 0, Class=Vendor Specific Class, Driver=, 5000M
        |__ Port 3: Dev 3, If 2, Class=Vendor Specific Class, Driver=, 5000M
        |__ Port 3: Dev 3, If 3, Class=Vendor Specific Class, Driver=, 5000M
        |__ Port 3: Dev 3, If 8, Class=Vendor Specific Class, Driver=, 5000M
        |__ Port 3: Dev 3, If 10, Class=Vendor Specific Class, Driver=, 5000M
/:  Bus 01.Port 1: Dev 1, Class=root_hub, Driver=tegra-xusb/5p, 480M
    |__ Port 2: Dev 2, If 0, Class=Hub, Driver=hub/4p, 480M
        |__ Port 2: Dev 3, If 0, Class=Human Interface Device, Driver=usbhid, 1.5M
        |__ Port 2: Dev 3, If 1, Class=Human Interface Device, Driver=usbhid, 1.5M
        |__ Port 4: Dev 4, If 0, Class=Human Interface Device, Driver=usbhid, 12M
        |__ Port 4: Dev 4, If 1, Class=Human Interface Device, Driver=usbhid, 12M
tegwyn@tegwyn:~/Desktop$ 

sudo apt-get install -y libqmi-utils

tegwyn@tegwyn:~$ mmcli -m 0
error: couldn't find modem at '/org/freedesktop/ModemManager1/Modem/0'
tegwyn@tegwyn:~$ 






























